I'm sorry, but errors were detected in your script. Please correct the
errors listed below, and try again.


File "game/screens.rpy", line 863: style property text is not known.
    style pref text is pref_text
                   ^

Ren'Py Version: Ren'Py 8.0.1.22070801
Sun Sep  4 17:49:13 2022
